test
again
test
test
